
23. Executing PROC_DLATCH pass (convert process syncs to latches).
No latch inferred for signal `\control_unit.\reg_dst' from process `\control_unit.$proc$/Users/rein/mips_pipeline/src/control_unit.v:7$140'.
No latch inferred for signal `\control_unit.\branch' from process `\control_unit.$proc$/Users/rein/mips_pipeline/src/control_unit.v:7$140'.
No latch inferred for signal `\control_unit.\mem_read' from process `\control_unit.$proc$/Users/rein/mips_pipeline/src/control_unit.v:7$140'.
No latch inferred for signal `\control_unit.\mem_to_reg' from process `\control_unit.$proc$/Users/rein/mips_pipeline/src/control_unit.v:7$140'.
No latch inferred for signal `\control_unit.\mem_write' from process `\control_unit.$proc$/Users/rein/mips_pipeline/src/control_unit.v:7$140'.
No latch inferred for signal `\control_unit.\alu_src' from process `\control_unit.$proc$/Users/rein/mips_pipeline/src/control_unit.v:7$140'.
No latch inferred for signal `\control_unit.\reg_write' from process `\control_unit.$proc$/Users/rein/mips_pipeline/src/control_unit.v:7$140'.
No latch inferred for signal `\control_unit.\alu_op' from process `\control_unit.$proc$/Users/rein/mips_pipeline/src/control_unit.v:7$140'.
No latch inferred for signal `\register_file.\i' from process `\register_file.$proc$/Users/rein/mips_pipeline/src/register_file.v:9$107'.
No latch inferred for signal `\register_file.$memwr$\regs$/Users/rein/mips_pipeline/src/register_file.v:9$31_EN' from process `\register_file.$proc$/Users/rein/mips_pipeline/src/register_file.v:9$107'.
No latch inferred for signal `\register_file.$memwr$\regs$/Users/rein/mips_pipeline/src/register_file.v:9$32_EN' from process `\register_file.$proc$/Users/rein/mips_pipeline/src/register_file.v:9$107'.
No latch inferred for signal `\register_file.$memwr$\regs$/Users/rein/mips_pipeline/src/register_file.v:9$33_EN' from process `\register_file.$proc$/Users/rein/mips_pipeline/src/register_file.v:9$107'.
No latch inferred for signal `\register_file.$memwr$\regs$/Users/rein/mips_pipeline/src/register_file.v:9$34_EN' from process `\register_file.$proc$/Users/rein/mips_pipeline/src/register_file.v:9$107'.
No latch inferred for signal `\register_file.$memwr$\regs$/Users/rein/mips_pipeline/src/register_file.v:9$35_EN' from process `\register_file.$proc$/Users/rein/mips_pipeline/src/register_file.v:9$107'.
No latch inferred for signal `\register_file.$memwr$\regs$/Users/rein/mips_pipeline/src/register_file.v:9$36_EN' from process `\register_file.$proc$/Users/rein/mips_pipeline/src/register_file.v:9$107'.
No latch inferred for signal `\register_file.$memwr$\regs$/Users/rein/mips_pipeline/src/register_file.v:9$37_EN' from process `\register_file.$proc$/Users/rein/mips_pipeline/src/register_file.v:9$107'.
No latch inferred for signal `\register_file.$memwr$\regs$/Users/rein/mips_pipeline/src/register_file.v:9$38_EN' from process `\register_file.$proc$/Users/rein/mips_pipeline/src/register_file.v:9$107'.
No latch inferred for signal `\register_file.$memwr$\regs$/Users/rein/mips_pipeline/src/register_file.v:9$39_EN' from process `\register_file.$proc$/Users/rein/mips_pipeline/src/register_file.v:9$107'.
No latch inferred for signal `\register_file.$memwr$\regs$/Users/rein/mips_pipeline/src/register_file.v:9$40_EN' from process `\register_file.$proc$/Users/rein/mips_pipeline/src/register_file.v:9$107'.
No latch inferred for signal `\register_file.$memwr$\regs$/Users/rein/mips_pipeline/src/register_file.v:9$41_EN' from process `\register_file.$proc$/Users/rein/mips_pipeline/src/register_file.v:9$107'.
No latch inferred for signal `\register_file.$memwr$\regs$/Users/rein/mips_pipeline/src/register_file.v:9$42_EN' from process `\register_file.$proc$/Users/rein/mips_pipeline/src/register_file.v:9$107'.
No latch inferred for signal `\register_file.$memwr$\regs$/Users/rein/mips_pipeline/src/register_file.v:9$43_EN' from process `\register_file.$proc$/Users/rein/mips_pipeline/src/register_file.v:9$107'.
No latch inferred for signal `\register_file.$memwr$\regs$/Users/rein/mips_pipeline/src/register_file.v:9$44_EN' from process `\register_file.$proc$/Users/rein/mips_pipeline/src/register_file.v:9$107'.
No latch inferred for signal `\register_file.$memwr$\regs$/Users/rein/mips_pipeline/src/register_file.v:9$45_EN' from process `\register_file.$proc$/Users/rein/mips_pipeline/src/register_file.v:9$107'.
No latch inferred for signal `\register_file.$memwr$\regs$/Users/rein/mips_pipeline/src/register_file.v:9$46_EN' from process `\register_file.$proc$/Users/rein/mips_pipeline/src/register_file.v:9$107'.
No latch inferred for signal `\register_file.$memwr$\regs$/Users/rein/mips_pipeline/src/register_file.v:9$47_EN' from process `\register_file.$proc$/Users/rein/mips_pipeline/src/register_file.v:9$107'.
No latch inferred for signal `\register_file.$memwr$\regs$/Users/rein/mips_pipeline/src/register_file.v:9$48_EN' from process `\register_file.$proc$/Users/rein/mips_pipeline/src/register_file.v:9$107'.
No latch inferred for signal `\register_file.$memwr$\regs$/Users/rein/mips_pipeline/src/register_file.v:9$49_EN' from process `\register_file.$proc$/Users/rein/mips_pipeline/src/register_file.v:9$107'.
No latch inferred for signal `\register_file.$memwr$\regs$/Users/rein/mips_pipeline/src/register_file.v:9$50_EN' from process `\register_file.$proc$/Users/rein/mips_pipeline/src/register_file.v:9$107'.
No latch inferred for signal `\register_file.$memwr$\regs$/Users/rein/mips_pipeline/src/register_file.v:9$51_EN' from process `\register_file.$proc$/Users/rein/mips_pipeline/src/register_file.v:9$107'.
No latch inferred for signal `\register_file.$memwr$\regs$/Users/rein/mips_pipeline/src/register_file.v:9$52_EN' from process `\register_file.$proc$/Users/rein/mips_pipeline/src/register_file.v:9$107'.
No latch inferred for signal `\register_file.$memwr$\regs$/Users/rein/mips_pipeline/src/register_file.v:9$53_EN' from process `\register_file.$proc$/Users/rein/mips_pipeline/src/register_file.v:9$107'.
No latch inferred for signal `\register_file.$memwr$\regs$/Users/rein/mips_pipeline/src/register_file.v:9$54_EN' from process `\register_file.$proc$/Users/rein/mips_pipeline/src/register_file.v:9$107'.
No latch inferred for signal `\register_file.$memwr$\regs$/Users/rein/mips_pipeline/src/register_file.v:9$55_EN' from process `\register_file.$proc$/Users/rein/mips_pipeline/src/register_file.v:9$107'.
No latch inferred for signal `\register_file.$memwr$\regs$/Users/rein/mips_pipeline/src/register_file.v:9$56_EN' from process `\register_file.$proc$/Users/rein/mips_pipeline/src/register_file.v:9$107'.
No latch inferred for signal `\register_file.$memwr$\regs$/Users/rein/mips_pipeline/src/register_file.v:9$57_EN' from process `\register_file.$proc$/Users/rein/mips_pipeline/src/register_file.v:9$107'.
No latch inferred for signal `\register_file.$memwr$\regs$/Users/rein/mips_pipeline/src/register_file.v:9$58_EN' from process `\register_file.$proc$/Users/rein/mips_pipeline/src/register_file.v:9$107'.
No latch inferred for signal `\register_file.$memwr$\regs$/Users/rein/mips_pipeline/src/register_file.v:9$59_EN' from process `\register_file.$proc$/Users/rein/mips_pipeline/src/register_file.v:9$107'.
No latch inferred for signal `\register_file.$memwr$\regs$/Users/rein/mips_pipeline/src/register_file.v:9$60_EN' from process `\register_file.$proc$/Users/rein/mips_pipeline/src/register_file.v:9$107'.
No latch inferred for signal `\register_file.$memwr$\regs$/Users/rein/mips_pipeline/src/register_file.v:9$61_EN' from process `\register_file.$proc$/Users/rein/mips_pipeline/src/register_file.v:9$107'.
No latch inferred for signal `\register_file.$memwr$\regs$/Users/rein/mips_pipeline/src/register_file.v:9$62_EN' from process `\register_file.$proc$/Users/rein/mips_pipeline/src/register_file.v:9$107'.
No latch inferred for signal `\alu.\result' from process `\alu.$proc$/Users/rein/mips_pipeline/src/alu.v:7$22'.
