Clock: clk
Sources: clk 
Generated: no
Virtual: yes
Propagated: no
Period: 20.000000

===========================================================================
report_clock_properties
============================================================================
Clock                   Period          Waveform
----------------------------------------------------
clk                  20.000000    0.000000 10.000000

===========================================================================
report_clock_latency
============================================================================
Clock clk
rise -> rise
    min     max
0.000000 0.000000 source latency
0.312990         network latency _193_/CLK
        0.314487 network latency _180_/CLK
---------------
0.312990 0.314487 latency
        0.001496 skew

fall -> fall
    min     max
0.000000 0.000000 source latency
0.309071         network latency _193_/CLK
        0.310339 network latency _180_/CLK
---------------
0.309071 0.310339 latency
        0.001268 skew



===========================================================================
report_clock_min_period
============================================================================
clk period_min = 3.17 fmax = 315.35
