
===========================================================================
report_checks -unconstrained
===========================================================================
======================= nom_tt_025C_1v80 Corner ===================================

Startpoint: _168_ (rising edge-triggered flip-flop clocked by clk)
Endpoint: pc_out[2] (output port clocked by clk)
Path Group: clk
Path Type: max

Fanout         Cap        Slew       Delay        Time   Description
---------------------------------------------------------------------------------------------
                                  0.000000    0.000000   clock clk (rise edge)
                                  0.000000    0.000000   clock source latency
    30    0.080211    0.363654    0.251191    0.251191 ^ clk (in)
                                                         clk (net)
                      0.363655    0.000000    0.251191 ^ _168_/CLK (sky130_fd_sc_hd__dfxtp_2)
     7    0.055606    0.280526    0.582322    0.833513 ^ _168_/Q (sky130_fd_sc_hd__dfxtp_2)
                                                         pc_out[2] (net)
                      0.280526    0.000316    0.833829 ^ pc_out[2] (out)
                                              0.833829   data arrival time

                                 20.000000   20.000000   clock clk (rise edge)
                                  0.000000   20.000000   clock network delay (propagated)
                                 -0.250000   19.750002   clock uncertainty
                                  0.000000   19.750002   clock reconvergence pessimism
                                 -4.000000   15.750001   output external delay
                                             15.750001   data required time
---------------------------------------------------------------------------------------------
                                             15.750001   data required time
                                             -0.833829   data arrival time
---------------------------------------------------------------------------------------------
                                             14.916172   slack (MET)




===========================================================================
report_checks --slack_max -0.01
============================================================================
======================= nom_tt_025C_1v80 Corner ===================================

No paths found.


===========================================================================
 report_check_types -max_slew -max_cap -max_fanout -violators
============================================================================
======================= nom_tt_025C_1v80 Corner ===================================

max fanout

Pin                                   Limit Fanout  Slack
---------------------------------------------------------
clk                                      10     30    -20 (VIOLATED)
rst                                      10     30    -20 (VIOLATED)



===========================================================================
report_parasitic_annotation -report_unannotated
============================================================================
Found 66 unannotated drivers.
 _198_/HI
 _199_/HI
 _200_/HI
 _201_/HI
 _202_/HI
 _203_/HI
 _204_/HI
 _205_/HI
 _206_/HI
 _207_/HI
 _208_/HI
 _209_/HI
 _210_/HI
 _211_/HI
 _212_/HI
 _213_/HI
 _214_/HI
 _215_/HI
 _216_/HI
 _217_/HI
 _218_/HI
 _219_/HI
 _220_/HI
 _221_/HI
 _222_/HI
 _223_/HI
 _224_/HI
 _225_/HI
 _226_/HI
 _227_/HI
 _228_/HI
 _229_/HI
 _230_/HI
 _231_/HI
 _232_/HI
 _233_/HI
 _234_/HI
 _235_/HI
 _236_/HI
 _237_/HI
 _238_/HI
 _239_/HI
 _240_/HI
 _241_/HI
 _242_/HI
 _243_/HI
 _244_/HI
 _245_/HI
 _246_/HI
 _247_/HI
 _248_/HI
 _249_/HI
 _250_/HI
 _251_/HI
 _252_/HI
 _253_/HI
 _254_/HI
 _255_/HI
 _256_/HI
 _257_/HI
 _258_/HI
 _259_/HI
 _260_/HI
 _261_/HI
 _262_/HI
 _263_/HI
Found 0 partially unannotated drivers.

===========================================================================
max slew violation count 0
Writing metric design__max_slew_violation__count__corner:nom_tt_025C_1v80: 0
max fanout violation count 2
Writing metric design__max_fanout_violation__count__corner:nom_tt_025C_1v80: 2
max cap violation count 0
Writing metric design__max_cap_violation__count__corner:nom_tt_025C_1v80: 0
============================================================================

===========================================================================
check_setup -verbose -unconstrained_endpoints -multiple_clock -no_clock -no_input_delay -loops -generated_clocks
===========================================================================
