
===========================================================================
 report_power
============================================================================
======================= nom_tt_025C_1v80 Corner ===================================

Group                    Internal    Switching      Leakage        Total
                            Power        Power        Power        Power (Watts)
------------------------------------------------------------------------
Sequential           6.041407e-05 1.689976e-06 2.571118e-10 6.210429e-05  96.8%
Combinational        1.480972e-06 5.729564e-07 4.455110e-10 2.054374e-06   3.2%
Clock                0.000000e+00 0.000000e+00 1.490417e-10 1.490417e-10   0.0%
Macro                0.000000e+00 0.000000e+00 0.000000e+00 0.000000e+00   0.0%
Pad                  0.000000e+00 0.000000e+00 0.000000e+00 0.000000e+00   0.0%
------------------------------------------------------------------------
Total                6.189504e-05 2.262932e-06 8.516621e-10 6.415882e-05 100.0%
                            96.5%         3.5%         0.0%
Writing metric power__internal__total: 6.189503619680181e-5
Writing metric power__switching__total: 2.2629321847489337e-6
Writing metric power__leakage__total: 8.516621297083304e-10
Writing metric power__total: 6.415881944121793e-5

