Clock: clk
Sources: clk 
Generated: no
Virtual: yes
Propagated: no
Period: 20.000000

===========================================================================
report_clock_properties
============================================================================
Clock                   Period          Waveform
----------------------------------------------------
clk                  20.000000    0.000000 10.000000

===========================================================================
report_clock_latency
============================================================================
Clock clk
rise -> rise
    min     max
0.000000 0.000000 source latency
0.232930         network latency _194_/CLK
        0.234110 network latency _179_/CLK
---------------
0.232930 0.234110 latency
        0.001180 skew

fall -> fall
    min     max
0.000000 0.000000 source latency
0.221265         network latency _194_/CLK
        0.222300 network latency _179_/CLK
---------------
0.221265 0.222300 latency
        0.001035 skew



===========================================================================
report_clock_min_period
============================================================================
clk period_min = 2.13 fmax = 468.91
