
===========================================================================
 report_power
============================================================================
======================= max_ff_n40C_1v95 Corner ===================================

Group                    Internal    Switching      Leakage        Total
                            Power        Power        Power        Power (Watts)
------------------------------------------------------------------------
Sequential           7.030496e-05 7.698325e-07 6.151218e-10 7.107541e-05  44.0%
Combinational        3.885894e-06 4.659818e-06 2.245189e-09 8.547958e-06   5.3%
Clock                5.472856e-05 2.711509e-05 1.609345e-09 8.184526e-05  50.7%
Macro                0.000000e+00 0.000000e+00 0.000000e+00 0.000000e+00   0.0%
Pad                  0.000000e+00 0.000000e+00 0.000000e+00 0.000000e+00   0.0%
------------------------------------------------------------------------
Total                1.289194e-04 3.254475e-05 4.469642e-09 1.614686e-04 100.0%
                            79.8%        20.2%         0.0%

