Clock: clk
Sources: clk 
Generated: no
Virtual: yes
Propagated: no
Period: 20.000000

===========================================================================
report_clock_properties
============================================================================
Clock                   Period          Waveform
----------------------------------------------------
clk                  20.000000    0.000000 10.000000

===========================================================================
report_clock_latency
============================================================================
Clock clk
rise -> rise
    min     max
0.000000 0.000000 source latency
0.329948         network latency _194_/CLK
        0.331362 network latency _180_/CLK
---------------
0.329948 0.331362 latency
        0.001415 skew

fall -> fall
    min     max
0.000000 0.000000 source latency
0.320251         network latency _194_/CLK
        0.321465 network latency _180_/CLK
---------------
0.320251 0.321465 latency
        0.001214 skew



===========================================================================
report_clock_min_period
============================================================================
clk period_min = 3.30 fmax = 302.59
