
===========================================================================
 report_power
============================================================================
======================= nom_tt_025C_1v80 Corner ===================================

Group                    Internal    Switching      Leakage        Total
                            Power        Power        Power        Power (Watts)
------------------------------------------------------------------------
Sequential           6.046231e-05 6.292988e-07 2.571118e-10 6.109187e-05  44.2%
Combinational        3.428327e-06 3.863568e-06 7.976008e-10 7.292692e-06   5.3%
Clock                4.778759e-05 2.198556e-05 1.143269e-09 6.977429e-05  50.5%
Macro                0.000000e+00 0.000000e+00 0.000000e+00 0.000000e+00   0.0%
Pad                  0.000000e+00 0.000000e+00 0.000000e+00 0.000000e+00   0.0%
------------------------------------------------------------------------
Total                1.116782e-04 2.647843e-05 2.197981e-09 1.381589e-04 100.0%
                            80.8%        19.2%         0.0%

