
===========================================================================
report_checks -unconstrained
===========================================================================
======================= nom_tt_025C_1v80 Corner ===================================

Startpoint: rst (input port clocked by clk)
Endpoint: _171_ (rising edge-triggered flip-flop clocked by clk)
Path Group: clk
Path Type: max

Fanout         Cap        Slew       Delay        Time   Description
---------------------------------------------------------------------------------------------
                      0.150000    0.000000    0.000000   clock clk (rise edge)
                                  0.000000    0.000000   clock network delay (ideal)
                                  4.000000    4.000000 ^ input external delay
    30    0.139329    0.632704    0.431895    4.431895 ^ rst (in)
                                                         rst (net)
                      0.632704    0.000000    4.431895 ^ _091_/A (sky130_fd_sc_hd__nor2_2)
     1    0.002329    0.089417    0.074831    4.506727 v _091_/Y (sky130_fd_sc_hd__nor2_2)
                                                         _063_ (net)
                      0.089417    0.000000    4.506727 v _092_/B1 (sky130_fd_sc_hd__o21a_2)
     1    0.001681    0.030556    0.124958    4.631684 v _092_/X (sky130_fd_sc_hd__o21a_2)
                                                         _003_ (net)
                      0.030556    0.000000    4.631684 v _171_/D (sky130_fd_sc_hd__dfxtp_2)
                                              4.631684   data arrival time

                      0.150000   20.000000   20.000000   clock clk (rise edge)
                                  0.000000   20.000000   clock network delay (ideal)
                                 -0.250000   19.750002   clock uncertainty
                                  0.000000   19.750002   clock reconvergence pessimism
                                             19.750002 ^ _171_/CLK (sky130_fd_sc_hd__dfxtp_2)
                                 -0.082080   19.667921   library setup time
                                             19.667921   data required time
---------------------------------------------------------------------------------------------
                                             19.667921   data required time
                                             -4.631684   data arrival time
---------------------------------------------------------------------------------------------
                                             15.036236   slack (MET)




===========================================================================
report_checks --slack_max -0.01
============================================================================
======================= nom_tt_025C_1v80 Corner ===================================

No paths found.


===========================================================================
 report_check_types -max_slew -max_cap -max_fanout -violators
============================================================================
======================= nom_tt_025C_1v80 Corner ===================================

max fanout

Pin                                   Limit Fanout  Slack
---------------------------------------------------------
rst                                      10     30    -20 (VIOLATED)



===========================================================================
report_parasitic_annotation -report_unannotated
============================================================================
Found 248 unannotated drivers.
 clk
 rst
 _084_/Y
 _085_/Y
 _086_/X
 _087_/Y
 _088_/X
 _089_/Y
 _090_/X
 _091_/Y
 _092_/X
 _093_/Y
 _094_/X
 _095_/Y
 _096_/X
 _097_/X
 _098_/Y
 _099_/X
 _100_/Y
 _101_/X
 _102_/X
 _103_/Y
 _104_/X
 _105_/Y
 _106_/X
 _107_/Y
 _108_/X
 _109_/X
 _110_/Y
 _111_/X
 _112_/Y
 _113_/X
 _114_/X
 _115_/Y
 _116_/X
 _117_/Y
 _118_/X
 _119_/Y
 _120_/X
 _121_/X
 _122_/Y
 _123_/X
 _124_/Y
 _125_/X
 _126_/X
 _127_/Y
 _128_/X
 _129_/Y
 _130_/X
 _131_/Y
 _132_/X
 _133_/X
 _134_/Y
 _135_/X
 _136_/Y
 _137_/X
 _138_/X
 _139_/Y
 _140_/X
 _141_/Y
 _142_/X
 _143_/Y
 _144_/X
 _145_/Y
 _146_/X
 _147_/Y
 _148_/X
 _149_/Y
 _150_/X
 _151_/Y
 _152_/X
 _153_/Y
 _154_/Y
 _155_/X
 _156_/Y
 _157_/X
 _158_/X
 _159_/Y
 _160_/Y
 _161_/X
 _162_/Y
 _163_/X
 _164_/X
 _165_/Y
 _166_/Y
 _167_/X
 _168_/Q
 _169_/Q
 _170_/Q
 _171_/Q
 _172_/Q
 _173_/Q
 _174_/Q
 _175_/Q
 _176_/Q
 _177_/Q
 _178_/Q
 _179_/Q
 _180_/Q
 _181_/Q
 _182_/Q
 _183_/Q
 _184_/Q
 _185_/Q
 _186_/Q
 _187_/Q
 _188_/Q
 _189_/Q
 _190_/Q
 _191_/Q
 _192_/Q
 _193_/Q
 _194_/Q
 _195_/Q
 _196_/Q
 _197_/Q
 _198_/HI
 _198_/LO
 _199_/HI
 _199_/LO
 _200_/HI
 _200_/LO
 _201_/HI
 _201_/LO
 _202_/HI
 _202_/LO
 _203_/HI
 _203_/LO
 _204_/HI
 _204_/LO
 _205_/HI
 _205_/LO
 _206_/HI
 _206_/LO
 _207_/HI
 _207_/LO
 _208_/HI
 _208_/LO
 _209_/HI
 _209_/LO
 _210_/HI
 _210_/LO
 _211_/HI
 _211_/LO
 _212_/HI
 _212_/LO
 _213_/HI
 _213_/LO
 _214_/HI
 _214_/LO
 _215_/HI
 _215_/LO
 _216_/HI
 _216_/LO
 _217_/HI
 _217_/LO
 _218_/HI
 _218_/LO
 _219_/HI
 _219_/LO
 _220_/HI
 _220_/LO
 _221_/HI
 _221_/LO
 _222_/HI
 _222_/LO
 _223_/HI
 _223_/LO
 _224_/HI
 _224_/LO
 _225_/HI
 _225_/LO
 _226_/HI
 _226_/LO
 _227_/HI
 _227_/LO
 _228_/HI
 _228_/LO
 _229_/HI
 _229_/LO
 _230_/HI
 _230_/LO
 _231_/HI
 _231_/LO
 _232_/HI
 _232_/LO
 _233_/HI
 _233_/LO
 _234_/HI
 _234_/LO
 _235_/HI
 _235_/LO
 _236_/HI
 _236_/LO
 _237_/HI
 _237_/LO
 _238_/HI
 _238_/LO
 _239_/HI
 _239_/LO
 _240_/HI
 _240_/LO
 _241_/HI
 _241_/LO
 _242_/HI
 _242_/LO
 _243_/HI
 _243_/LO
 _244_/HI
 _244_/LO
 _245_/HI
 _245_/LO
 _246_/HI
 _246_/LO
 _247_/HI
 _247_/LO
 _248_/HI
 _248_/LO
 _249_/HI
 _249_/LO
 _250_/HI
 _250_/LO
 _251_/HI
 _251_/LO
 _252_/HI
 _252_/LO
 _253_/HI
 _253_/LO
 _254_/HI
 _254_/LO
 _255_/HI
 _255_/LO
 _256_/HI
 _256_/LO
 _257_/HI
 _257_/LO
 _258_/HI
 _258_/LO
 _259_/HI
 _259_/LO
 _260_/HI
 _260_/LO
 _261_/HI
 _261_/LO
 _262_/HI
 _262_/LO
 _263_/HI
 _263_/LO
Found 0 partially unannotated drivers.

===========================================================================
max slew violation count 0
max fanout violation count 1
max cap violation count 0
============================================================================

===========================================================================
check_setup -verbose -unconstrained_endpoints -multiple_clock -no_clock -no_input_delay -loops -generated_clocks
===========================================================================
