
===========================================================================
 report_power
============================================================================
======================= nom_tt_025C_1v80 Corner ===================================

Group                    Internal    Switching      Leakage        Total
                            Power        Power        Power        Power (Watts)
------------------------------------------------------------------------
Sequential           6.033575e-05 1.597522e-06 2.571118e-10 6.193353e-05  96.9%
Combinational        1.464461e-06 5.394485e-07 4.455110e-10 2.004355e-06   3.1%
Clock                0.000000e+00 0.000000e+00 0.000000e+00 0.000000e+00   0.0%
Macro                0.000000e+00 0.000000e+00 0.000000e+00 0.000000e+00   0.0%
Pad                  0.000000e+00 0.000000e+00 0.000000e+00 0.000000e+00   0.0%
------------------------------------------------------------------------
Total                6.180022e-05 2.136970e-06 7.026212e-10 6.393789e-05 100.0%
                            96.7%         3.3%         0.0%

