Clock: clk
Sources: clk 
Generated: no
Virtual: yes
Propagated: no
Period: 20.000000

===========================================================================
report_clock_properties
============================================================================
Clock                   Period          Waveform
----------------------------------------------------
clk                  20.000000    0.000000 10.000000

===========================================================================
report_clock_latency
============================================================================
Clock clk
rise -> rise
    min     max
0.000000 0.000000 source latency
0.325682         network latency _194_/CLK
        0.326940 network latency _180_/CLK
---------------
0.325682 0.326940 latency
        0.001258 skew

fall -> fall
    min     max
0.000000 0.000000 source latency
0.317378         network latency _171_/CLK
        0.318450 network latency _180_/CLK
---------------
0.317378 0.318450 latency
        0.001072 skew



===========================================================================
report_clock_min_period
============================================================================
clk period_min = 3.28 fmax = 305.07
