Clock: clk
Sources: clk 
Generated: no
Virtual: yes
Propagated: no
Period: 20.000000

===========================================================================
report_clock_properties
============================================================================
Clock                   Period          Waveform
----------------------------------------------------
clk                  20.000000    0.000000 10.000000

===========================================================================
report_clock_latency
============================================================================
Clock clk
rise -> rise
    min     max
0.000000 0.000000 source latency
0.228817         network latency _194_/CLK
        0.229881 network latency _180_/CLK
---------------
0.228817 0.229881 latency
        0.001064 skew

fall -> fall
    min     max
0.000000 0.000000 source latency
0.218179         network latency _194_/CLK
        0.219107 network latency _180_/CLK
---------------
0.218179 0.219107 latency
        0.000927 skew



===========================================================================
report_clock_min_period
============================================================================
clk period_min = 2.11 fmax = 473.32
