Clock: clk
Sources: clk 
Generated: no
Virtual: yes
Propagated: no
Period: 20.000000

===========================================================================
report_clock_properties
============================================================================
Clock                   Period          Waveform
----------------------------------------------------
clk                  20.000000    0.000000 10.000000

===========================================================================
report_clock_latency
============================================================================
Clock clk
rise -> rise
    min     max
0.000000 0.000000 source latency
0.318287         network latency _170_/CLK
        0.320821 network latency _188_/CLK
---------------
0.318287 0.320821 latency
        0.002534 skew

fall -> fall
    min     max
0.000000 0.000000 source latency
0.313450         network latency _170_/CLK
        0.315580 network latency _188_/CLK
---------------
0.313450 0.315580 latency
        0.002130 skew



===========================================================================
report_clock_min_period
============================================================================
clk period_min = 3.28 fmax = 304.88
