
===========================================================================
 report_power
============================================================================
======================= nom_tt_025C_1v80 Corner ===================================

Group                    Internal    Switching      Leakage        Total
                            Power        Power        Power        Power (Watts)
------------------------------------------------------------------------
Sequential           6.053022e-05 6.338555e-07 2.571118e-10 6.116433e-05  45.6%
Combinational        2.892581e-06 3.279139e-06 5.568117e-10 6.172277e-06   4.6%
Clock                4.756474e-05 1.936953e-05 2.198587e-10 6.693449e-05  49.9%
Macro                0.000000e+00 0.000000e+00 0.000000e+00 0.000000e+00   0.0%
Pad                  0.000000e+00 0.000000e+00 0.000000e+00 0.000000e+00   0.0%
------------------------------------------------------------------------
Total                1.109875e-04 2.328253e-05 1.033780e-09 1.342711e-04 100.0%
                            82.7%        17.3%         0.0%
Writing metric power__internal__total: 0.00011098754475824535
Writing metric power__switching__total: 2.3282525944523513e-5
Writing metric power__leakage__total: 1.033779950532221e-9
Writing metric power__total: 0.00013427110388875008

