
===========================================================================
 report_power
============================================================================
======================= min_ss_100C_1v60 Corner ===================================

Group                    Internal    Switching      Leakage        Total
                            Power        Power        Power        Power (Watts)
------------------------------------------------------------------------
Sequential           4.704639e-05 4.775218e-07 4.484510e-07 4.797236e-05  43.8%
Combinational        2.760705e-06 2.979364e-06 6.817073e-07 6.421777e-06   5.9%
Clock                3.883168e-05 1.626082e-05 1.090073e-07 5.520151e-05  50.4%
Macro                0.000000e+00 0.000000e+00 0.000000e+00 0.000000e+00   0.0%
Pad                  0.000000e+00 0.000000e+00 0.000000e+00 0.000000e+00   0.0%
------------------------------------------------------------------------
Total                8.863878e-05 1.971771e-05 1.239169e-06 1.095957e-04 100.0%
                            80.9%        18.0%         1.1%

