Clock: clk
Sources: clk 
Generated: no
Virtual: no
Propagated: no
Period: 20.000000

===========================================================================
report_clock_properties
============================================================================
Clock                   Period          Waveform
----------------------------------------------------
clk                  20.000000    0.000000 10.000000

===========================================================================
report_clock_latency
============================================================================
Clock clk
rise -> rise
    min     max
0.000000 0.000000 source latency
0.137890         network latency _168_/CLK
        0.137890 network latency _168_/CLK
---------------
0.137890 0.137890 latency
        0.000000 skew

fall -> fall
    min     max
0.000000 0.000000 source latency
0.057171         network latency _168_/CLK
        0.057171 network latency _168_/CLK
---------------
0.057171 0.057171 latency
        0.000000 skew



===========================================================================
report_clock_min_period
============================================================================
clk period_min = 0.00 fmax = inf
