
===========================================================================
 report_power
============================================================================
======================= nom_ff_n40C_1v95 Corner ===================================

Group                    Internal    Switching      Leakage        Total
                            Power        Power        Power        Power (Watts)
------------------------------------------------------------------------
Sequential           7.097614e-05 1.883811e-06 6.151218e-10 7.286057e-05  96.8%
Combinational        1.775587e-06 6.582223e-07 1.043123e-09 2.434852e-06   3.2%
Clock                0.000000e+00 0.000000e+00 0.000000e+00 0.000000e+00   0.0%
Macro                0.000000e+00 0.000000e+00 0.000000e+00 0.000000e+00   0.0%
Pad                  0.000000e+00 0.000000e+00 0.000000e+00 0.000000e+00   0.0%
------------------------------------------------------------------------
Total                7.275173e-05 2.542033e-06 1.658245e-09 7.529542e-05 100.0%
                            96.6%         3.4%         0.0%

