
===========================================================================
report_checks -unconstrained
===========================================================================
======================= max_tt_025C_1v80 Corner ===================================

Startpoint: rst (input port clocked by clk)
Endpoint: _191_ (rising edge-triggered flip-flop clocked by clk)
Path Group: clk
Path Type: max

Fanout         Cap        Slew       Delay        Time   Description
---------------------------------------------------------------------------------------------
                                  0.000000    0.000000   clock clk (rise edge)
                                  0.000000    0.000000   clock network delay (propagated)
                                  4.000000    4.000000 ^ input external delay
     1    0.003637    0.023371    0.013301    4.013301 ^ rst (in)
                                                         rst (net)
                      0.023373    0.000000    4.013301 ^ input1/A (sky130_fd_sc_hd__clkdlybuf4s25_1)
     1    0.003434    0.049637    0.239845    4.253146 ^ input1/X (sky130_fd_sc_hd__clkdlybuf4s25_1)
                                                         net1 (net)
                      0.049637    0.000249    4.253395 ^ fanout37/A (sky130_fd_sc_hd__clkdlybuf4s25_1)
     7    0.044481    0.445514    0.528569    4.781964 ^ fanout37/X (sky130_fd_sc_hd__clkdlybuf4s25_1)
                                                         net37 (net)
                      0.445517    0.002095    4.784060 ^ fanout35/A (sky130_fd_sc_hd__clkdlybuf4s25_1)
     6    0.033363    0.337374    0.540906    5.324965 ^ fanout35/X (sky130_fd_sc_hd__clkdlybuf4s25_1)
                                                         net35 (net)
                      0.337376    0.001444    5.326409 ^ load_slew36/A (sky130_fd_sc_hd__buf_4)
     5    0.031854    0.098916    0.230529    5.556938 ^ load_slew36/X (sky130_fd_sc_hd__buf_4)
                                                         net36 (net)
                      0.098994    0.002533    5.559470 ^ _149_/B1 (sky130_fd_sc_hd__a21oi_2)
     1    0.002957    0.044551    0.037711    5.597181 v _149_/Y (sky130_fd_sc_hd__a21oi_2)
                                                         _047_ (net)
                      0.044551    0.000205    5.597386 v _150_/B1 (sky130_fd_sc_hd__o21a_2)
     1    0.003462    0.035157    0.111189    5.708575 v _150_/X (sky130_fd_sc_hd__o21a_2)
                                                         _023_ (net)
                      0.035157    0.000199    5.708774 v _191_/D (sky130_fd_sc_hd__dfxtp_2)
                                              5.708774   data arrival time

                                 20.000000   20.000000   clock clk (rise edge)
                                  0.000000   20.000000   clock source latency
     1    0.014082    0.069358    0.047372   20.047373 ^ clk (in)
                                                         clk (net)
                      0.069369    0.000000   20.047373 ^ clkbuf_0_clk/A (sky130_fd_sc_hd__clkbuf_16)
     4    0.040008    0.059792    0.149941   20.197313 ^ clkbuf_0_clk/X (sky130_fd_sc_hd__clkbuf_16)
                                                         clknet_0_clk (net)
                      0.059918    0.002297   20.199610 ^ clkbuf_2_1__f_clk/A (sky130_fd_sc_hd__clkbuf_16)
     8    0.024617    0.045988    0.134813   20.334423 ^ clkbuf_2_1__f_clk/X (sky130_fd_sc_hd__clkbuf_16)
                                                         clknet_2_1__leaf_clk (net)
                      0.046044    0.001366   20.335789 ^ _191_/CLK (sky130_fd_sc_hd__dfxtp_2)
                                 -0.250000   20.085789   clock uncertainty
                                  0.000000   20.085789   clock reconvergence pessimism
                                 -0.108345   19.977444   library setup time
                                             19.977444   data required time
---------------------------------------------------------------------------------------------
                                             19.977444   data required time
                                             -5.708774   data arrival time
---------------------------------------------------------------------------------------------
                                             14.268670   slack (MET)




===========================================================================
report_checks --slack_max -0.01
============================================================================
======================= max_tt_025C_1v80 Corner ===================================

No paths found.


===========================================================================
 report_check_types -max_slew -max_cap -max_fanout -violators
============================================================================
======================= max_tt_025C_1v80 Corner ===================================



===========================================================================
report_parasitic_annotation -report_unannotated
============================================================================
Found 68 unannotated drivers.
 clkload0/X
 clkload1/X
 mips_top/HI
 mips_top_100/HI
 mips_top_101/HI
 mips_top_102/HI
 mips_top_38/HI
 mips_top_39/HI
 mips_top_40/HI
 mips_top_41/HI
 mips_top_42/HI
 mips_top_43/HI
 mips_top_44/HI
 mips_top_45/HI
 mips_top_46/HI
 mips_top_47/HI
 mips_top_48/HI
 mips_top_49/HI
 mips_top_50/HI
 mips_top_51/HI
 mips_top_52/HI
 mips_top_53/HI
 mips_top_54/HI
 mips_top_55/HI
 mips_top_56/HI
 mips_top_57/HI
 mips_top_58/HI
 mips_top_59/HI
 mips_top_60/HI
 mips_top_61/HI
 mips_top_62/HI
 mips_top_63/HI
 mips_top_64/HI
 mips_top_65/HI
 mips_top_66/HI
 mips_top_67/HI
 mips_top_68/HI
 mips_top_69/HI
 mips_top_70/HI
 mips_top_71/HI
 mips_top_72/HI
 mips_top_73/HI
 mips_top_74/HI
 mips_top_75/HI
 mips_top_76/HI
 mips_top_77/HI
 mips_top_78/HI
 mips_top_79/HI
 mips_top_80/HI
 mips_top_81/HI
 mips_top_82/HI
 mips_top_83/HI
 mips_top_84/HI
 mips_top_85/HI
 mips_top_86/HI
 mips_top_87/HI
 mips_top_88/HI
 mips_top_89/HI
 mips_top_90/HI
 mips_top_91/HI
 mips_top_92/HI
 mips_top_93/HI
 mips_top_94/HI
 mips_top_95/HI
 mips_top_96/HI
 mips_top_97/HI
 mips_top_98/HI
 mips_top_99/HI
Found 0 partially unannotated drivers.

===========================================================================
max slew violation count 0
max fanout violation count 0
max cap violation count 0
============================================================================

===========================================================================
check_setup -verbose -unconstrained_endpoints -multiple_clock -no_clock -no_input_delay -loops -generated_clocks
===========================================================================
