Clock: clk
Sources: clk 
Generated: no
Virtual: yes
Propagated: no
Period: 20.000000

===========================================================================
report_clock_properties
============================================================================
Clock                   Period          Waveform
----------------------------------------------------
clk                  20.000000    0.000000 10.000000

===========================================================================
report_clock_latency
============================================================================
Clock clk
rise -> rise
    min     max
0.000000 0.000000 source latency
0.335236         network latency _194_/CLK
        0.336759 network latency _179_/CLK
---------------
0.335236 0.336759 latency
        0.001522 skew

fall -> fall
    min     max
0.000000 0.000000 source latency
0.324079         network latency _194_/CLK
        0.325392 network latency _179_/CLK
---------------
0.324079 0.325392 latency
        0.001314 skew



===========================================================================
report_clock_min_period
============================================================================
clk period_min = 3.33 fmax = 299.96
