
===========================================================================
 report_power
============================================================================
======================= max_tt_025C_1v80 Corner ===================================

Group                    Internal    Switching      Leakage        Total
                            Power        Power        Power        Power (Watts)
------------------------------------------------------------------------
Sequential           6.044174e-05 6.439519e-07 2.571118e-10 6.108595e-05  43.9%
Combinational        3.429778e-06 3.939418e-06 7.976008e-10 7.369993e-06   5.3%
Clock                4.784596e-05 2.269445e-05 1.143269e-09 7.054155e-05  50.8%
Macro                0.000000e+00 0.000000e+00 0.000000e+00 0.000000e+00   0.0%
Pad                  0.000000e+00 0.000000e+00 0.000000e+00 0.000000e+00   0.0%
------------------------------------------------------------------------
Total                1.117175e-04 2.727782e-05 2.197981e-09 1.389975e-04 100.0%
                            80.4%        19.6%         0.0%

