Clock: clk
Sources: clk 
Generated: no
Virtual: yes
Propagated: no
Period: 20.000000

===========================================================================
report_clock_properties
============================================================================
Clock                   Period          Waveform
----------------------------------------------------
clk                  20.000000    0.000000 10.000000

===========================================================================
report_clock_latency
============================================================================
Clock clk
rise -> rise
    min     max
0.000000 0.000000 source latency
0.225634         network latency _194_/CLK
        0.226560 network latency _180_/CLK
---------------
0.225634 0.226560 latency
        0.000926 skew

fall -> fall
    min     max
0.000000 0.000000 source latency
0.216001         network latency _171_/CLK
        0.216802 network latency _180_/CLK
---------------
0.216001 0.216802 latency
        0.000800 skew



===========================================================================
report_clock_min_period
============================================================================
clk period_min = 2.09 fmax = 477.37
